[mygymdesk.in/index.html]
[mygymdesk.in/favicon.ico]
[mygymdesk.in/icons/favicon-32x32.png]
[mygymdesk.in/icons/icon-192x192.png]
[mygymdesk.in/icons/index.html]
[backblue.gif]
[fade.gif]
[index.html]
[mygymdesk.in/manifest.webmanifest]
[mygymdesk.in/icons/apple-touch-icon-180x180.png]
[mygymdesk.in/icons/icon-512x512.png]
[mygymdesk.in/og-image.png]
[mygymdesk.in/assets/index-D-eer9qV.js]
[mygymdesk.in/assets/vendor-helmet-fUUwClDn.js]
[mygymdesk.in/assets/vendor-supabase-DeJMt1qa.js]
[mygymdesk.in/assets/vendor-ui-D4w91lw3.js]
[mygymdesk.in/assets/vendor-query-EFxIVrML.js]
[mygymdesk.in/assets/vendor-react-Bc7stdFL.js]
[mygymdesk.in/assets/index-CoZDVFdo.css]
[connect.facebook.net/en_US/fbevents.js]
[mygymdesk.in/index.html]
[mygymdesk.in/cdn-cgi/challenge-platform/h/g/scripts/jsd/ea2d291c0fdc/maind41d.js]
[mygymdesk.in/assets/index.html]
[mygymdesk.in/assets/index-2.html]
[mygymdesk.in/assets/index-3.html]
[mygymdesk.in/assets/index-4.html]
[mygymdesk.in/assets/index-5.html]
[snap.licdn.com/li.lms-analytics/insight.min.js]
[mygymdesk.in/icons/index.html]
[mygymdesk.in/assets/index-CoZDVFdo.css]
[www.googletagmanager.com/gtm5445.html]
[mygymdesk.in/index-2.html]
[mygymdesk.in/signals/config/index.html]
[mygymdesk.in/index-3.html]
[mygymdesk.in/signals/plugins/index.html]
[mygymdesk.in/schema.org/index.html]
[mygymdesk.in/index-4.html]
[mygymdesk.in/index-5.html]
[mygymdesk.in/signals/index.html]
[mygymdesk.in/signals/index0fc5.html]
[mygymdesk.in/index-6.html]
[connect.facebook.net/en_US/fbevents.js]
[mygymdesk.in/assets/index.html]
[mygymdesk.in/assets/index-2.html]
[mygymdesk.in/assets/index-3.html]
[mygymdesk.in/assets/index-4.html]
[mygymdesk.in/assets/index-5.html]
[mygymdesk.in/signals/config/index.html]
[mygymdesk.in/index-2.html]
[mygymdesk.in/index-3.html]
[mygymdesk.in/signals/plugins/index.html]
[mygymdesk.in/schema.org/index.html]
[mygymdesk.in/index-4.html]
[mygymdesk.in/index-5.html]
[mygymdesk.in/signals/index.html]
[mygymdesk.in/signals/index0fc5.html]
[mygymdesk.in/index-6.html]
[mygymdesk.in/index-7.html]
[mygymdesk.in/index-7.html]
